

Working Directory = /home/redhatacademy19/Documents/Siddhant/RUN/BINARY UD 10 Stages_Multiple Lib_Fast Cells/7
QoS Summary for rope_binary_ud_pair
================================================================================
Metric                          generic         mapped          opt            
================================================================================
Slack (ps):                     1,660           1,584           1,584
  R2R (ps):                     1,660           1,584           1,584
  I2R (ps):                     1,777           1,729           1,662
  R2O (ps):                     1,753           1,767           1,767
  I2O (ps):                  no_value        no_value        no_value
  CG  (ps):                  no_value        no_value        no_value
TNS (ps):                           0               0               0
  R2R (ps):                         0               0               0
  I2R (ps):                         0               0               0
  R2O (ps):                         0               0               0
  I2O (ps):                  no_value        no_value        no_value
  CG  (ps):                  no_value        no_value        no_value
Failing Paths:                      0               0               0
Cell Area:                      6,897           3,138           3,068
Total Cell Area:                6,897           3,138           3,068
Leaf Instances:                 1,945           1,102           1,089
Total Instances:                1,945           1,102           1,089
Utilization (%):                 0.00            0.00            0.00
Tot. Net Length (um):        no_value        no_value        no_value
Avg. Net Length (um):        no_value        no_value        no_value
Route Overflow H (%):        no_value        no_value        no_value
Route Overflow V (%):        no_value        no_value        no_value
MBCI(%) (bits/gate) :            0.00            0.00            0.00
Norm Cong Hotspot Area:
  Max Cong:                  no_value        no_value        no_value
  Tot Cong:                  no_value        no_value        no_value
================================================================================
CPU  Runtime (h:m:s):        00:30:12        00:30:06        00:30:02
Real Runtime (h:m:s):        00:30:36        00:30:04        00:30:03
CPU  Elapsed (h:m:s):        00:30:14        00:30:20        00:30:22
Real Elapsed (h:m:s):        00:30:37        00:30:41        00:30:44
Memory (MB):                  1665.43         1732.37         1701.36
================================================================================
================================================================================
Flow Settings:
================================================================================
Total Runtime (h:m:s): 00:30:43
Total Memory (MB):     1701.36
Executable Version:    21.10-p002_1
================================================================================
Total Cell Area =  Cell Area + Physical Cell Area
Total Instances =  Leaf Instances + Physical Instances


